// Jest Snapshot v1, https://goo.gl/fbAQLP

exports[`form component should render the form 1`] = `
<div>
  <div
    class="flex flex-wrap justify-center my-10"
  >
    <form
      class="bg-white shadow-md rounded px-8 pt-6 pb-8 mb-4 w-full max-w-sm"
      novalidate=""
    >
      <label
        class="text-gray-700 text-sm font-bold mb-2"
      >
        <span>
          Name:
        </span>
        <input
          class="shadow appearance-none border rounded w-full py-2 px-3 text-gray-700 leading-tight focus:outline-none focus:shadow-outline 
              "
          name="name"
          placeholder="Enter Name"
          required=""
          type="text"
        />
      </label>
      <label
        class="block text-gray-700 text-sm font-bold mb-2"
      >
        <span>
          Age:
        </span>
        <input
          class="shadow appearance-none border rounded w-full py-2 px-3 text-gray-700 leading-tight focus:outline-none focus:shadow-outline "
          name="age"
          placeholder="Enter Age"
          required=""
          type="number"
        />
      </label>
      <label
        class="block text-gray-700 text-sm font-bold mb-2"
      >
        <span>
          Country:
        </span>
        <input
          class="shadow appearance-none border rounded w-full py-2 px-3 text-gray-700 leading-tight focus:outline-none focus:shadow-outline "
          name="country"
          placeholder="Enter Country"
          required=""
          type="text"
        />
      </label>
      <button
        class="bg-blue-500 hover:bg-blue-700 text-white font-bold py-2 px-4 rounded focus:outline-none focus:shadow-outline"
        name="isLoading"
      >
        Submit
      </button>
    </form>
  </div>
</div>
`;
